// Jest Snapshot v1, https://goo.gl/fbAQLP

exports[`<ColorTool /> should render without crashing 1`] = `
<div class="colortool">
  <div class="colors-input">
    <div class="instruction">
      <p>Paste a ; or separated list of colors to start tooling!</p>
    </div>
    <div class="stub" autofocus="autofocus" background-color="#BD93F9" outline="" auto-grow="" rows="1" name="colorsInput" browser-autocomplete="false" label="Paste your colors here" persistent-hint="" hint="Only hexadecimal values are supported at the moment." value="#282A36; #F8F8F2; #44475A; #6272A4; #8BE9FD; #50FA7B; #FFB86C; #FF79C6; #BD93F9; #FF5555; #F1FA8C; #21222C; #FF5555; #50FA7B; #F1FA8C; #BD93F9; #FF79C6; #8BE9FD; #F8F8F2; #6272A4; #FF6E6E; #69FF94; #FFFFA5; #D6ACFF; #FF92DF; #A4FFFF; #FFFFFF; #E9F284; #8BE9FE; #44475A; #424450; #FFFFFF; #44475A; #424450; #343746; #21222C; #191A21;"></div>
  </div>
  <div>
    <div class="stub" align-center="" justify-space-between="" row=""></div>
    <color-list-stub colors="[object Object],[object Object],[object Object],[object Object],[object Object],[object Object],[object Object],[object Object],[object Object],[object Object],[object Object],[object Object],[object Object],[object Object],[object Object],[object Object],[object Object],[object Object],[object Object],[object Object],[object Object],[object Object],[object Object],[object Object],[object Object],[object Object],[object Object],[object Object],[object Object],[object Object],[object Object],[object Object],[object Object],[object Object],[object Object],[object Object],[object Object]" pa-2=""></color-list-stub>
  </div>
</div>
`;
