// Jest Snapshot v1, https://goo.gl/fbAQLP

exports[`<ColorList /> should render without crashing 1`] = `
<v-layout-stub tag="div" pa-2="">
  <ul class="color-list"></ul>
  <div class="stub" timeout="4000" bottom=""></div>
</v-layout-stub>
`;
